// Jest Snapshot v1, https://goo.gl/fbAQLP

exports[`src/component/divider should render correctly 1`] = `<View />`;
