// Jest Snapshot v1, https://goo.gl/fbAQLP

exports[`src/component/quizNumber should render correctly 1`] = `
<Text>
  Quiz : 
   / 
</Text>
`;
